// Jest Snapshot v1, https://goo.gl/fbAQLP

exports[`matches snapshot 1`] = `
<DocumentFragment>
  <div>
    <nav
      class="navbar navbar-expand-md"
    >
      <div
        class="container-fluid"
      >
        <a
          aria-current="page"
          class="navbar-brand active"
          href="/"
        >
          Dev Carbon
        </a>
        <ul
          class="ms-auto navbar-nav"
        >
          <li
            class="nav-item"
          >
            <a
              class=""
              href="/login"
            >
              Login
            </a>
          </li>
          <li
            class="nav-item"
          >
            <a
              class=""
              href="/signup"
            >
              Signup
            </a>
          </li>
          <li
            class="nav-item"
          >
            <a
              class=""
              href="/carbonform"
            >
              Carbon Form
            </a>
          </li>
          <li
            class="nav-item"
          >
            <a
              class=""
              href="/profile"
            >
              Profile
            </a>
          </li>
          <li
            class="nav-item"
          >
            <a
              class=""
              href="/login"
            >
              Logout
            </a>
          </li>
        </ul>
      </div>
    </nav>
  </div>
  <main>
    <h1>
      Developer Carbon Emission Evaluation App
    </h1>
    <h4>
      Enter application parameters - get out actions to reduce CO2 impact.
    </h4>
    <h3>
      Welcome back undefined
    </h3>
  </main>
</DocumentFragment>
`;
